name,time/op (ns/op),±
CRC32/poly=IEEE/size=15/align=0-8,4.68700E+01,8%
CRC32/poly=IEEE/size=15/align=1-8,4.47100E+01,5%
CRC32/poly=IEEE/size=40/align=0-8,4.10375E+01,1%
CRC32/poly=IEEE/size=40/align=1-8,4.10778E+01,1%
CRC32/poly=IEEE/size=512/align=0-8,2.38000E+02,5%
CRC32/poly=IEEE/size=512/align=1-8,2.35500E+02,3%
CRC32/poly=IEEE/size=1kB/align=0-8,4.52500E+02,4%
CRC32/poly=IEEE/size=1kB/align=1-8,4.43600E+02,2%
CRC32/poly=IEEE/size=4kB/align=0-8,1.74000E+03,8%
CRC32/poly=IEEE/size=4kB/align=1-8,1.76430E+03,6%
CRC32/poly=IEEE/size=32kB/align=0-8,1.49529E+04,7%
CRC32/poly=IEEE/size=32kB/align=1-8,1.41888E+04,7%
CRC32/poly=Castagnoli/size=15/align=0-8,1.63778E+01,3%
CRC32/poly=Castagnoli/size=15/align=1-8,1.72222E+01,2%
CRC32/poly=Castagnoli/size=40/align=0-8,1.74300E+01,2%
CRC32/poly=Castagnoli/size=40/align=1-8,1.97100E+01,3%
CRC32/poly=Castagnoli/size=512/align=0-8,4.01700E+01,2%
CRC32/poly=Castagnoli/size=512/align=1-8,4.21400E+01,3%
CRC32/poly=Castagnoli/size=1kB/align=0-8,6.55000E+01,1%
CRC32/poly=Castagnoli/size=1kB/align=1-8,7.00900E+01,6%
CRC32/poly=Castagnoli/size=4kB/align=0-8,1.62800E+02,5%
CRC32/poly=Castagnoli/size=4kB/align=1-8,1.69400E+02,6%
CRC32/poly=Castagnoli/size=32kB/align=0-8,1.21822E+03,4%
CRC32/poly=Castagnoli/size=32kB/align=1-8,1.26478E+03,3%
CRC32/poly=Koopman/size=15/align=0-8,3.65100E+01,11%
CRC32/poly=Koopman/size=15/align=1-8,3.51500E+01,5%
CRC32/poly=Koopman/size=40/align=0-8,9.16400E+01,9%
CRC32/poly=Koopman/size=40/align=1-8,9.10800E+01,6%
CRC32/poly=Koopman/size=512/align=0-8,1.13170E+03,5%
CRC32/poly=Koopman/size=512/align=1-8,1.12680E+03,6%
CRC32/poly=Koopman/size=1kB/align=0-8,2.24333E+03,6%
CRC32/poly=Koopman/size=1kB/align=1-8,2.14867E+03,2%
CRC32/poly=Koopman/size=4kB/align=0-8,9.03150E+03,6%
CRC32/poly=Koopman/size=4kB/align=1-8,8.94020E+03,10%
CRC32/poly=Koopman/size=32kB/align=0-8,7.24280E+04,9%
CRC32/poly=Koopman/size=32kB/align=1-8,6.96194E+04,3%
[Geo mean],3.44668E+02

name,speed (MB/s),±
CRC32/poly=IEEE/size=15/align=0-8,3.20711E+02,8%
CRC32/poly=IEEE/size=15/align=1-8,3.35516E+02,4%
CRC32/poly=IEEE/size=40/align=0-8,9.74718E+02,1%
CRC32/poly=IEEE/size=40/align=1-8,9.73636E+02,1%
CRC32/poly=IEEE/size=512/align=0-8,2.14703E+03,4%
CRC32/poly=IEEE/size=512/align=1-8,2.16913E+03,3%
CRC32/poly=IEEE/size=1kB/align=0-8,2.26152E+03,4%
CRC32/poly=IEEE/size=1kB/align=1-8,2.30619E+03,2%
CRC32/poly=IEEE/size=4kB/align=0-8,2.35732E+03,7%
CRC32/poly=IEEE/size=4kB/align=1-8,2.32511E+03,6%
CRC32/poly=IEEE/size=32kB/align=0-8,2.19443E+03,7%
CRC32/poly=IEEE/size=32kB/align=1-8,2.31415E+03,8%
CRC32/poly=Castagnoli/size=15/align=0-8,9.15799E+02,2%
CRC32/poly=Castagnoli/size=15/align=1-8,8.70312E+02,2%
CRC32/poly=Castagnoli/size=40/align=0-8,2.29560E+03,2%
CRC32/poly=Castagnoli/size=40/align=1-8,2.03023E+03,3%
CRC32/poly=Castagnoli/size=512/align=0-8,1.27437E+04,2%
CRC32/poly=Castagnoli/size=512/align=1-8,1.21445E+04,3%
CRC32/poly=Castagnoli/size=1kB/align=0-8,1.56355E+04,1%
CRC32/poly=Castagnoli/size=1kB/align=1-8,1.46273E+04,6%
CRC32/poly=Castagnoli/size=4kB/align=0-8,2.50862E+04,5%
CRC32/poly=Castagnoli/size=4kB/align=1-8,2.41378E+04,6%
CRC32/poly=Castagnoli/size=32kB/align=0-8,2.68975E+04,4%
CRC32/poly=Castagnoli/size=32kB/align=1-8,2.59038E+04,3%
CRC32/poly=Koopman/size=15/align=0-8,4.11932E+02,10%
CRC32/poly=Koopman/size=15/align=1-8,4.27408E+02,5%
CRC32/poly=Koopman/size=40/align=0-8,4.36831E+02,9%
CRC32/poly=Koopman/size=40/align=1-8,4.39731E+02,6%
CRC32/poly=Koopman/size=512/align=0-8,4.52693E+02,5%
CRC32/poly=Koopman/size=512/align=1-8,4.54579E+02,6%
CRC32/poly=Koopman/size=1kB/align=0-8,4.52443E+02,9%
CRC32/poly=Koopman/size=1kB/align=1-8,4.76558E+02,2%
CRC32/poly=Koopman/size=4kB/align=0-8,4.54022E+02,5%
CRC32/poly=Koopman/size=4kB/align=1-8,4.59394E+02,9%
CRC32/poly=Koopman/size=32kB/align=0-8,4.53471E+02,8%
CRC32/poly=Koopman/size=32kB/align=1-8,4.70784E+02,3%
[Geo mean],1.71221E+03
